e:\projects\dh1_mmorpg\dh1_client\protobridge\protobridge\x64\debug\protobridge.pch
e:\projects\dh1_mmorpg\shared\libraries\protobridge\debug\protobridge.pdb
e:\projects\dh1_mmorpg\shared\libraries\protobridge\debug\protobridge.idb
e:\projects\dh1_mmorpg\dh1_client\protobridge\protobridge\x64\debug\pch.obj
e:\projects\dh1_mmorpg\dh1_client\protobridge\protobridge\x64\debug\struct.pb.obj
e:\projects\dh1_mmorpg\dh1_client\protobridge\protobridge\x64\debug\packetoption.pb.obj
e:\projects\dh1_mmorpg\dh1_client\protobridge\protobridge\x64\debug\login.pb.obj
e:\projects\dh1_mmorpg\dh1_client\protobridge\protobridge\x64\debug\enum.pb.obj
e:\projects\dh1_mmorpg\dh1_client\protobridge\protobridge\x64\debug\heartbeat.pb.obj
e:\projects\dh1_mmorpg\dh1_client\protobridge\protobridge\x64\debug\world.pb.obj
e:\projects\dh1_mmorpg\dh1_client\protobridge\protobridge\x64\debug\movement.pb.obj
e:\projects\dh1_mmorpg\shared\libraries\protobridge\debug\protobridge.lib
e:\projects\dh1_mmorpg\dh1_client\protobridge\protobridge\x64\debug\echo.pb.obj
e:\projects\dh1_mmorpg\dh1_client\protobridge\protobridge\x64\debug\serverheartbeat.pb.obj
e:\projects\dh1_mmorpg\dh1_client\protobridge\..\..\shared\libraries\protobridge\debug\protobridge.pdb
e:\projects\dh1_mmorpg\dh1_client\protobridge\protobridge\x64\debug\protobridge.tlog\cl.command.1.tlog
e:\projects\dh1_mmorpg\dh1_client\protobridge\protobridge\x64\debug\protobridge.tlog\cl.items.tlog
e:\projects\dh1_mmorpg\dh1_client\protobridge\protobridge\x64\debug\protobridge.tlog\cl.read.1.tlog
e:\projects\dh1_mmorpg\dh1_client\protobridge\protobridge\x64\debug\protobridge.tlog\cl.write.1.tlog
e:\projects\dh1_mmorpg\dh1_client\protobridge\protobridge\x64\debug\protobridge.tlog\lib-link.read.1.tlog
e:\projects\dh1_mmorpg\dh1_client\protobridge\protobridge\x64\debug\protobridge.tlog\lib-link.write.1.tlog
e:\projects\dh1_mmorpg\dh1_client\protobridge\protobridge\x64\debug\protobridge.tlog\lib.command.1.tlog
