e:\projects\dh1_mmorpg\dh1_client\protobridge\protobridge\x64\release\protobridge.pch
e:\projects\dh1_mmorpg\dh1_client\protobridge\protobridge\x64\release\pch.obj
e:\projects\dh1_mmorpg\shared\libraries\protobridge\release\protobridge.pdb
e:\projects\dh1_mmorpg\dh1_client\protobridge\protobridge\x64\release\struct.pb.obj
e:\projects\dh1_mmorpg\dh1_client\protobridge\protobridge\x64\release\packetoption.pb.obj
e:\projects\dh1_mmorpg\dh1_client\protobridge\protobridge\x64\release\login.pb.obj
e:\projects\dh1_mmorpg\dh1_client\protobridge\protobridge\x64\release\enum.pb.obj
e:\projects\dh1_mmorpg\dh1_client\protobridge\protobridge\x64\release\heartbeat.pb.obj
e:\projects\dh1_mmorpg\dh1_client\protobridge\protobridge\x64\release\world.pb.obj
e:\projects\dh1_mmorpg\shared\libraries\protobridge\release\protobridge.lib
e:\projects\dh1_mmorpg\dh1_client\protobridge\protobridge\x64\release\echo.pb.obj
e:\projects\dh1_mmorpg\dh1_client\protobridge\protobridge\x64\release\serverheartbeat.pb.obj
e:\projects\dh1_mmorpg\dh1_client\protobridge\..\..\shared\libraries\protobridge\release\protobridge.pdb
e:\projects\dh1_mmorpg\dh1_client\protobridge\protobridge\x64\release\protobridge.tlog\cl.command.1.tlog
e:\projects\dh1_mmorpg\dh1_client\protobridge\protobridge\x64\release\protobridge.tlog\cl.items.tlog
e:\projects\dh1_mmorpg\dh1_client\protobridge\protobridge\x64\release\protobridge.tlog\cl.read.1.tlog
e:\projects\dh1_mmorpg\dh1_client\protobridge\protobridge\x64\release\protobridge.tlog\cl.write.1.tlog
e:\projects\dh1_mmorpg\dh1_client\protobridge\protobridge\x64\release\protobridge.tlog\lib-link.read.1.tlog
e:\projects\dh1_mmorpg\dh1_client\protobridge\protobridge\x64\release\protobridge.tlog\lib-link.write.1.tlog
e:\projects\dh1_mmorpg\dh1_client\protobridge\protobridge\x64\release\protobridge.tlog\lib.command.1.tlog
